// Jest Snapshot v1, https://goo.gl/fbAQLP

exports[`FinancialConfig API PUT upserts financial config: update 1`] = `
{
  "__v": "<__v>",
  "_id": "<_id>",
  "context": "Personal",
  "createdAt": "<createdAt>",
  "customExpenseCategories": [
    "Food",
    "Transport",
  ],
  "customIncomeCategories": [],
  "customPaymentApps": [],
  "customPaymentMethods": [
    "Cash",
    "UPI",
  ],
  "favoriteTransactions": [],
  "pinnedTransactionIds": [],
  "transactionTemplates": [],
  "updatedAt": "<updatedAt>",
  "userId": "<userId>",
}
`;
