// Jest Snapshot v1, https://goo.gl/fbAQLP

exports[`Settings API PUT upserts settings: update 1`] = `
{
  "__v": "<__v>",
  "_id": "<_id>",
  "createdAt": "<createdAt>",
  "navOrder": [],
  "theme": "dark",
  "updatedAt": "<updatedAt>",
  "userId": "000000000000000000000000",
  "widgetOrder": [
    "chart",
  ],
  "widgets": [
    "chart",
  ],
}
`;
